↻ Lade Modell zum Weitertrainieren: /home/oskar/dev/machine_learning/models/Run_1.zip
Wrapping the env in a VecTransposeImage.
Erstelle first game gif...
✓ Modell erstellt, beginne Training...
Dies kann mehrere Minuten dauern...
Logging to ./tb_logs/A2C_11
------------------------------------
| rollout/              |          |
|    ep_len_mean        | 90       |
|    ep_rew_mean        | 16.2     |
| time/                 |          |
|    fps                | 219      |
|    iterations         | 100      |
|    time_elapsed       | 45       |
|    total_timesteps    | 210000   |
| train/                |          |
|    entropy_loss       | -0.139   |
|    explained_variance | 0.955    |
|    learning_rate      | 0.0007   |
|    n_updates          | 2099     |
|    policy_loss        | -0.0284  |
|    value_loss         | 1.42     |
------------------------------------
------------------------------------
| rollout/              |          |
|    ep_len_mean        | 91.3     |
|    ep_rew_mean        | 18.5     |
| time/                 |          |
|    fps                | 212      |
|    iterations         | 200      |
|    time_elapsed       | 94       |
|    total_timesteps    | 220000   |
| train/                |          |
|    entropy_loss       | -0.234   |
|    explained_variance | 0.913    |
|    learning_rate      | 0.0007   |
|    n_updates          | 2199     |
|    policy_loss        | 0.0607   |
|    value_loss         | 5.93     |
------------------------------------
------------------------------------
| rollout/              |          |
|    ep_len_mean        | 89.1     |
|    ep_rew_mean        | 18.6     |
| time/                 |          |
|    fps                | 214      |
|    iterations         | 300      |
|    time_elapsed       | 139      |
|    total_timesteps    | 230000   |
| train/                |          |
|    entropy_loss       | -0.134   |
|    explained_variance | 0.896    |
|    learning_rate      | 0.0007   |
|    n_updates          | 2299     |
|    policy_loss        | -0.369   |
|    value_loss         | 4.48     |
------------------------------------
------------------------------------
| rollout/              |          |
|    ep_len_mean        | 86.1     |
|    ep_rew_mean        | 19.9     |
| time/                 |          |
|    fps                | 212      |
|    iterations         | 400      |
|    time_elapsed       | 188      |
|    total_timesteps    | 240000   |
| train/                |          |
|    entropy_loss       | -0.105   |
|    explained_variance | 0.944    |
|    learning_rate      | 0.0007   |
|    n_updates          | 2399     |
|    policy_loss        | 0.0355   |
|    value_loss         | 2.44     |
------------------------------------
------------------------------------
| rollout/              |          |
|    ep_len_mean        | 88.2     |
|    ep_rew_mean        | 22.1     |
| time/                 |          |
|    fps                | 213      |
|    iterations         | 500      |
|    time_elapsed       | 234      |
|    total_timesteps    | 250000   |
| train/                |          |
|    entropy_loss       | -0.123   |
|    explained_variance | 0.968    |
|    learning_rate      | 0.0007   |
|    n_updates          | 2499     |
|    policy_loss        | -0.0695  |
|    value_loss         | 2.42     |
------------------------------------
------------------------------------
| rollout/              |          |
|    ep_len_mean        | 89.3     |
|    ep_rew_mean        | 24.8     |
| time/                 |          |
|    fps                | 213      |
|    iterations         | 600      |
|    time_elapsed       | 280      |
|    total_timesteps    | 260000   |
| train/                |          |
|    entropy_loss       | -0.153   |
|    explained_variance | 0.94     |
|    learning_rate      | 0.0007   |
|    n_updates          | 2599     |
|    policy_loss        | -0.177   |
|    value_loss         | 5.76     |
------------------------------------
------------------------------------
| rollout/              |          |
|    ep_len_mean        | 91.2     |
|    ep_rew_mean        | 24.4     |
| time/                 |          |
|    fps                | 212      |
|    iterations         | 700      |
|    time_elapsed       | 328      |
|    total_timesteps    | 270000   |
| train/                |          |
|    entropy_loss       | -0.153   |
|    explained_variance | 0.869    |
|    learning_rate      | 0.0007   |
|    n_updates          | 2699     |
|    policy_loss        | -0.206   |
|    value_loss         | 9.25     |
------------------------------------
------------------------------------
| rollout/              |          |
|    ep_len_mean        | 87.5     |
|    ep_rew_mean        | 24.2     |
| time/                 |          |
|    fps                | 213      |
|    iterations         | 800      |
|    time_elapsed       | 375      |
|    total_timesteps    | 280000   |
| train/                |          |
|    entropy_loss       | -0.0751  |
|    explained_variance | 0.934    |
|    learning_rate      | 0.0007   |
|    n_updates          | 2799     |
|    policy_loss        | -0.0834  |
|    value_loss         | 2.27     |
------------------------------------
------------------------------------
| rollout/              |          |
|    ep_len_mean        | 86.5     |
|    ep_rew_mean        | 24.2     |
| time/                 |          |
|    fps                | 211      |
|    iterations         | 900      |
|    time_elapsed       | 424      |
|    total_timesteps    | 290000   |
| train/                |          |
|    entropy_loss       | -0.116   |
|    explained_variance | 0.96     |
|    learning_rate      | 0.0007   |
|    n_updates          | 2899     |
|    policy_loss        | -0.0679  |
|    value_loss         | 1.87     |
------------------------------------
------------------------------------
| rollout/              |          |
|    ep_len_mean        | 89.5     |
|    ep_rew_mean        | 27.1     |
| time/                 |          |
|    fps                | 212      |
|    iterations         | 1000     |
|    time_elapsed       | 471      |
|    total_timesteps    | 300000   |
| train/                |          |
|    entropy_loss       | -0.0992  |
|    explained_variance | 0.961    |
|    learning_rate      | 0.0007   |
|    n_updates          | 2999     |
|    policy_loss        | -0.112   |
|    value_loss         | 2.62     |
------------------------------------
Erstelle last game gif...
✓ Summary gespeichert: /home/oskar/dev/machine_learning/training_runs/Run_1/summary.json
✓ Training abgeschlossen!
