↻ Lade Modell zum Weitertrainieren: /home/oskar/dev/machine_learning/models/train_johnny_2.zip
Wrapping the env in a VecTransposeImage.
Erstelle first game gif...
✓ Modell erstellt, beginne Training...
Dies kann mehrere Minuten dauern...
Logging to ./tb_logs/A2C_10
------------------------------------
| rollout/              |          |
|    ep_len_mean        | 11.7     |
|    ep_rew_mean        | -58.7    |
| time/                 |          |
|    fps                | 115      |
|    iterations         | 100      |
|    time_elapsed       | 43       |
|    total_timesteps    | 65000    |
| train/                |          |
|    entropy_loss       | -0.0571  |
|    explained_variance | 0.91     |
|    learning_rate      | 0.0007   |
|    n_updates          | 1299     |
|    policy_loss        | -0.0311  |
|    value_loss         | 6.34     |
------------------------------------
------------------------------------
| rollout/              |          |
|    ep_len_mean        | 57.6     |
|    ep_rew_mean        | -72.2    |
| time/                 |          |
|    fps                | 125      |
|    iterations         | 200      |
|    time_elapsed       | 79       |
|    total_timesteps    | 70000    |
| train/                |          |
|    entropy_loss       | -0.0154  |
|    explained_variance | 0.621    |
|    learning_rate      | 0.0007   |
|    n_updates          | 1399     |
|    policy_loss        | -0.00525 |
|    value_loss         | 15.9     |
------------------------------------
Erstelle last game gif...
✓ Summary gespeichert: /home/oskar/dev/machine_learning/training_runs/train_johnny_2/summary.json
✓ Training abgeschlossen!
